// Jest Snapshot v1, https://goo.gl/fbAQLP

exports[`<DeleteModal/> renders correctly 1`] = `<div />`;
