// Jest Snapshot v1, https://goo.gl/fbAQLP

exports[`<DeletePost/> renders correctly 1`] = `
<div>
  <button>
    delete
  </button>
</div>
`;
