// Jest Snapshot v1, https://goo.gl/fbAQLP

exports[`<Logout/> renders correctly 1`] = `
<div>
  <button>
    log out
  </button>
</div>
`;
