// Jest Snapshot v1, https://goo.gl/fbAQLP

exports[`<ReviewPost/> renders correctly 1`] = `
<div>
  <p>
    ...loading...
  </p>
</div>
`;
