// Jest Snapshot v1, https://goo.gl/fbAQLP

exports[`ActionModal should render 1`] = `
<body
  class="ReactModal__Body--open"
>
  <div
    data-react-modal-body-trap=""
    style="position: absolute; opacity: 0;"
    tabindex="0"
  />
  <div />
  <div
    data-react-modal-body-trap=""
    style="position: absolute; opacity: 0;"
    tabindex="0"
  />
  <div
    class="ReactModalPortal"
  >
    <div
      class="ReactModal__Overlay Overlay action-modal"
    >
      <div
        aria-modal="true"
        class="ReactModal__Content"
        role="dialog"
        style="position: absolute; top: 50%; left: 50%; background: rgb(255, 255, 255); overflow: auto; border-radius: 4px; outline: none; padding: 20px; transform: translate(-50%, -50%); background-color: rgb(39, 43, 47); max-width: 1200px; width: 90%;"
        tabindex="-1"
      >
        <div
          class="action-modal__content"
        >
          <h3
            class="action-modal__header"
          >
            test
          </h3>
          <div
            class="action-modal__buttons"
          >
            <button
              class="cancel-button"
            >
              Stay
            </button>
            <button
              class="delete-post-btn"
            >
              Leave anyway
            </button>
          </div>
        </div>
      </div>
    </div>
  </div>
</body>
`;
