// Jest Snapshot v1, https://goo.gl/fbAQLP

exports[`<Categories/> renders properly 1`] = `
<DocumentFragment>
  <p
    data-testid="category-item"
  >
    android
  </p>
  <p
    data-testid="category-item"
  >
    angular
  </p>
  <p
    data-testid="category-item"
  >
    aws
  </p>
  <p
    data-testid="category-item"
  >
    chrome
  </p>
  <p
    data-testid="category-item"
  >
    commandline
  </p>
  <p
    data-testid="category-item"
  >
    crystal
  </p>
</DocumentFragment>
`;
