// Jest Snapshot v1, https://goo.gl/fbAQLP

exports[`<DisplayPost/> renders correctly 1`] = `
<DocumentFragment>
  <p>
    ...loading...
  </p>
</DocumentFragment>
`;
