// Jest Snapshot v1, https://goo.gl/fbAQLP

exports[`<MainRoutes/> renders properly 1`] = `
<DocumentFragment>
  <div
    class="posts"
  />
</DocumentFragment>
`;
