// Jest Snapshot v1, https://goo.gl/fbAQLP

exports[`<RandomPost/> renders properly 1`] = `
<DocumentFragment>
  <p>
    random post goes here
  </p>
</DocumentFragment>
`;
