// Jest Snapshot v1, https://goo.gl/fbAQLP

exports[`<Reaction/> renders properly 1`] = `
<DocumentFragment>
  <p>
    like: 1
  </p>
</DocumentFragment>
`;
