// Jest Snapshot v1, https://goo.gl/fbAQLP

exports[`<SearchedPosts/> renders correctly with posts 1`] = `
<div>
  <div
    class="posts"
  >
    <section
      class="post"
    >
      <article>
        <a
          href="/posts/1"
        >
          <h1>
            title 
          </h1>
        </a>
        <p>
          written by 
           
        </p>
        <p>
          adsfdf
        </p>
      </article>
      <button>
        Copy post Url
      </button>
      <p>
        like
        : 
        0
      </p>
      <p>
        funny
        : 
        0
      </p>
      <p>
        love
        : 
        0
      </p>
      <p>
        surprised
        : 
        0
      </p>
    </section>
    <section
      class="post"
    >
      <article>
        <a
          href="/posts/2"
        >
          <h1>
            maciekdfd
          </h1>
        </a>
        <p>
          written by 
           
        </p>
        <p>
          adfefsddf
        </p>
      </article>
      <button>
        Copy post Url
      </button>
      <p>
        like
        : 
        0
      </p>
      <p>
        funny
        : 
        0
      </p>
      <p>
        love
        : 
        0
      </p>
      <p>
        surprised
        : 
        0
      </p>
    </section>
  </div>
</div>
`;
